<?php return array (
  0 => 'Symfony\\Bundle\\FrameworkBundle\\Controller\\AbstractController',
  1 => 'App\\Controller\\BackControllerPhpController',
  2 => 'App\\Controller\\CertificatController',
  3 => 'App\\Controller\\ChatController',
  4 => 'App\\Controller\\CoursController',
  5 => 'App\\Controller\\EvenementController',
  6 => 'App\\Controller\\FeedController',
  7 => 'App\\Controller\\HomeController',
  8 => 'App\\Controller\\PanierController',
  9 => 'App\\Controller\\QuestionController',
  10 => 'App\\Controller\\QuizController',
  11 => 'App\\Controller\\ReservationController',
  12 => 'App\\Controller\\UserControllerPhpController',
  13 => 'App\\Entity\\Certificat',
  14 => 'App\\Entity\\Commentaire',
  15 => 'App\\Entity\\Cours',
  16 => 'App\\Entity\\Event',
  17 => 'App\\Entity\\Feed',
  18 => 'App\\Entity\\Question',
  19 => 'App\\Entity\\Quiz',
  20 => 'App\\Entity\\User',
  21 => 'Doctrine\\Bundle\\DoctrineBundle\\Controller\\ProfilerController',
  22 => 'Doctrine\\ORM\\Cache\\Persister\\Entity\\AbstractEntityPersister',
  23 => 'Doctrine\\ORM\\Cache\\Persister\\Entity\\CachedEntityPersister',
  24 => 'Doctrine\\ORM\\Cache\\Persister\\Entity\\NonStrictReadWriteCachedEntityPersister',
  25 => 'Doctrine\\ORM\\Cache\\Persister\\Entity\\ReadOnlyCachedEntityPersister',
  26 => 'Doctrine\\ORM\\Cache\\Persister\\Entity\\ReadWriteCachedEntityPersister',
  27 => 'Doctrine\\ORM\\Persisters\\Entity\\AbstractEntityInheritancePersister',
  28 => 'Doctrine\\ORM\\Persisters\\Entity\\BasicEntityPersister',
  29 => 'Doctrine\\ORM\\Persisters\\Entity\\CachedPersisterContext',
  30 => 'Doctrine\\ORM\\Persisters\\Entity\\EntityPersister',
  31 => 'Doctrine\\ORM\\Persisters\\Entity\\JoinedSubclassPersister',
  32 => 'Doctrine\\ORM\\Persisters\\Entity\\SingleTablePersister',
  34 => 'Symfony\\Bundle\\FrameworkBundle\\Controller\\ControllerResolver',
  35 => 'Symfony\\Bundle\\FrameworkBundle\\Controller\\RedirectController',
  36 => 'Symfony\\Bundle\\FrameworkBundle\\Controller\\TemplateController',
  37 => 'Symfony\\Bundle\\WebProfilerBundle\\Controller\\ExceptionPanelController',
  38 => 'Symfony\\Bundle\\WebProfilerBundle\\Controller\\ProfilerController',
  39 => 'Symfony\\Bundle\\WebProfilerBundle\\Controller\\RouterController',
  40 => 'Symfony\\Component\\HttpKernel\\Controller\\ArgumentResolver',
  41 => 'Symfony\\Component\\HttpKernel\\Controller\\ArgumentResolverInterface',
  42 => 'Symfony\\Component\\HttpKernel\\Controller\\ArgumentResolver\\BackedEnumValueResolver',
  43 => 'Symfony\\Component\\HttpKernel\\Controller\\ArgumentResolver\\DateTimeValueResolver',
  44 => 'Symfony\\Component\\HttpKernel\\Controller\\ArgumentResolver\\DefaultValueResolver',
  45 => 'Symfony\\Component\\HttpKernel\\Controller\\ArgumentResolver\\NotTaggedControllerValueResolver',
  46 => 'Symfony\\Component\\HttpKernel\\Controller\\ArgumentResolver\\QueryParameterValueResolver',
  47 => 'Symfony\\Component\\HttpKernel\\Controller\\ArgumentResolver\\RequestAttributeValueResolver',
  48 => 'Symfony\\Component\\HttpKernel\\Controller\\ArgumentResolver\\RequestPayloadValueResolver',
  49 => 'Symfony\\Component\\HttpKernel\\Controller\\ArgumentResolver\\RequestValueResolver',
  50 => 'Symfony\\Component\\HttpKernel\\Controller\\ArgumentResolver\\ServiceValueResolver',
  51 => 'Symfony\\Component\\HttpKernel\\Controller\\ArgumentResolver\\SessionValueResolver',
  52 => 'Symfony\\Component\\HttpKernel\\Controller\\ArgumentResolver\\TraceableValueResolver',
  53 => 'Symfony\\Component\\HttpKernel\\Controller\\ArgumentResolver\\UidValueResolver',
  54 => 'Symfony\\Component\\HttpKernel\\Controller\\ArgumentResolver\\VariadicValueResolver',
  55 => 'Symfony\\Component\\HttpKernel\\Controller\\ArgumentValueResolverInterface',
  56 => 'Symfony\\Component\\HttpKernel\\Controller\\ContainerControllerResolver',
  57 => 'Symfony\\Component\\HttpKernel\\Controller\\ControllerReference',
  58 => 'Symfony\\Component\\HttpKernel\\Controller\\ControllerResolver',
  59 => 'Symfony\\Component\\HttpKernel\\Controller\\ControllerResolverInterface',
  60 => 'Symfony\\Component\\HttpKernel\\Controller\\ErrorController',
  61 => 'Symfony\\Component\\HttpKernel\\Controller\\TraceableArgumentResolver',
  62 => 'Symfony\\Component\\HttpKernel\\Controller\\TraceableControllerResolver',
  63 => 'Symfony\\Component\\HttpKernel\\Controller\\ValueResolverInterface',
  64 => 'Symfony\\Component\\Security\\Http\\Controller\\SecurityTokenValueResolver',
  65 => 'Symfony\\Component\\Security\\Http\\Controller\\UserValueResolver',
);